// Jest Snapshot v1, https://goo.gl/fbAQLP

exports[`Highlighted Renders correctly 1`] = `
.c0 {
  display: block;
  width: 100%;
  background-color: white;
}

.c0 > * {
  font-size: 1.125rem;
  line-height: 140%;
  color: black;
}

.c0 hr {
  border-color: black;
  border-style: solid;
  display: inline-block;
  width: 100%;
  margin-bottom: 1rem;
}

.c0 img {
  width: 100%;
  display: block;
  margin-top: 2rem;
  margin-bottom: 2rem;
}

.c0 p {
  margin-top: 1rem !important;
  margin-bottom: 1rem !important;
}

.c0 ul {
  list-style: disc !important;
  margin-top: 1rem !important;
  margin-bottom: 1rem !important;
}

.c0 ul li {
  list-style: disc !important;
  margin: 1rem !important;
  margin-left: 2rem !important;
}

.c1 {
  font-weight: bold;
  font-size: 110%;
}

.c2 {
  margin: 1rem 0;
  border-color: orange;
}

@media (min-width:768px) {
  .c0 hr {
    margin-bottom: 2rem;
  }
}

<div
  class="c0"
>
  <div
    class="c1"
  >
    <div
      class="pre-animated"
    >
      Testing Content
    </div>
    <hr
      class="c2 pre-animated"
      color="orange"
    />
  </div>
</div>
`;
