// Jest Snapshot v1, https://goo.gl/fbAQLP

exports[`Image Renders correctly 1`] = `
.c0 {
  width: 100%;
}

<picture
  class=""
>
  <source
    media="(min-width:1280px)"
    srcset="http://localhost:8080/images/responsive/output/image05-desktop.jpg"
  />
  <source
    media="(min-width:768px)"
    srcset="http://localhost:8080/images/responsive/output/image05-tablet.jpg"
  />
  <img
    alt="Alt Text Test"
    class="c0 pre-animated"
    loading="lazy"
    src="http://localhost:8080/images/responsive/output/image05-mobile.jpg"
  />
</picture>
`;
