// Jest Snapshot v1, https://goo.gl/fbAQLP

exports[`LeftSideBlock Renders 1`] = `
.c0 {
  display: block;
  width: 100%;
  background-color: white;
}

.c0 > * {
  font-size: 1.125rem;
  line-height: 140%;
  color: black;
}

.c0 hr {
  border-color: orange;
  border-style: solid;
  display: inline-block;
  width: 100%;
  margin-top: 1rem;
  margin-bottom: 1rem;
}

.c0 img {
  width: 100%;
  display: block;
  margin-top: 2rem;
  margin-bottom: 2rem;
}

.c0 p {
  margin-top: 1rem !important;
  margin-bottom: 1rem !important;
}

.c0 ul {
  list-style: disc !important;
  margin-top: 1rem !important;
  margin-bottom: 1rem !important;
}

.c0 ul li {
  list-style: disc !important;
  margin: 1rem !important;
  margin-left: 2rem !important;
}

.c1 {
  width: 100%;
  display: -webkit-box;
  display: -webkit-flex;
  display: -ms-flexbox;
  display: flex;
  -webkit-box-pack: center;
  -webkit-justify-content: center;
  -ms-flex-pack: center;
  justify-content: center;
  box-sizing: border-box;
  -webkit-align-items: center;
  -webkit-box-align: center;
  -ms-flex-align: center;
  align-items: center;
  margin-top: 3rem;
  margin-bottom: 3rem;
}

.c3 {
  width: 80%;
  box-sizing: border-box;
}

.c6 {
  width: 100%;
  max-width: calc(900px);
  display: -webkit-box;
  display: -webkit-flex;
  display: -ms-flexbox;
  display: flex;
  -webkit-flex-direction: column;
  -ms-flex-direction: column;
  flex-direction: column;
  -webkit-flex-shrink: 1;
  -ms-flex-negative: 1;
  flex-shrink: 1;
}

.c2 {
  max-width: calc( 900px + 600px );
  display: -webkit-box;
  display: -webkit-flex;
  display: -ms-flexbox;
  display: flex;
  width: calc(100% - 2rem);
  -webkit-align-items: center;
  -webkit-box-align: center;
  -ms-flex-align: center;
  align-items: center;
  -webkit-flex-direction: column;
  -ms-flex-direction: column;
  flex-direction: column;
}

.c7 {
  font-size: 1.2rem;
  line-height: 125%;
}

.c4 {
  font-weight: bold;
  font-size: 110%;
}

.c5 {
  margin: 1rem 0;
  border-color: orange;
}

@media (min-width:768px) {
  .c0 hr {
    margin-top: 2rem;
    margin-bottom: 2rem;
  }
}

@media (min-width:768px) {
  .c1 {
    margin-top: 5rem;
    margin-bottom: 5rem;
  }
}

@media (min-width:768px) {
  .c3 {
    -webkit-flex-direction: row;
    -ms-flex-direction: row;
    flex-direction: row;
    min-width: 300px;
    width: 300px;
    padding-right: 2rem;
  }
}

@media (min-width:768px) {
  .c6 {
    width: calc(100% - 2rem);
  }
}

@media (min-width:768px) {
  .c2 {
    -webkit-flex-direction: row;
    -ms-flex-direction: row;
    flex-direction: row;
    -webkit-align-items: baseline;
    -webkit-box-align: baseline;
    -ms-flex-align: baseline;
    align-items: baseline;
  }
}

<div>
  <div
    class="c0"
  >
    <div
      class="c1 test"
      style="color: red;"
    >
      <div
        class="c2"
      >
        <div
          class="c3 test__side"
        >
          <div
            class="c4"
          >
            <div
              class="pre-animated"
            >
              Testing side content
            </div>
            <hr
              class="c5 pre-animated"
              color="orange"
            />
          </div>
        </div>
        <div
          class="c6 test__content"
        >
          <p
            class="c7"
          >
            Testing content
          </p>
           
        </div>
      </div>
    </div>
  </div>
</div>
`;
