// Jest Snapshot v1, https://goo.gl/fbAQLP

exports[`Title Renders correctly 1`] = `
.c0 > * {
  line-height: 120%;
  text-align: left;
  color: inherit;
  width: 100%;
  max-width: 600px;
  margin: 0 auto;
}

.c1 {
  font-size: 2rem;
  margin-bottom: 2rem;
}

.c2 {
  width: 200px;
  height: 15px;
  background: primary !important;
  margin: 1rem 0;
}

@media (min-width:768px) {
  .c2 {
    margin: 2rem 0;
  }
}

<div
  class="c0"
  color="inherit"
>
  <h2
    class="c1 pre-animated"
  >
    Testing Title
    <div
      class="c2"
    />
  </h2>
</div>
`;
